\BOOKMARK [0][-]{chapter.1}{\376\377\000I\000n\000t\000r\000o\000d\000u\000z\000i\000o\000n\000e}{}% 1
\BOOKMARK [1][-]{section.1.1}{\376\377\000C\000o\000n\000t\000e\000s\000t\000o}{chapter.1}% 2
\BOOKMARK [1][-]{section.1.2}{\376\377\000M\000o\000t\000i\000v\000a\000z\000i\000o\000n\000i}{chapter.1}% 3
\BOOKMARK [1][-]{section.1.3}{\376\377\000C\000o\000n\000t\000r\000i\000b\000u\000t\000i}{chapter.1}% 4
\BOOKMARK [0][-]{chapter.2}{\376\377\000C\000o\000n\000t\000e\000s\000t\000o}{}% 5
\BOOKMARK [1][-]{section.2.1}{\376\377\000B\000a\000t\000t\000e\000r\000i\000a}{chapter.2}% 6
\BOOKMARK [1][-]{section.2.2}{\376\377\000R\000e\000t\000e\000\040\000e\000l\000e\000t\000t\000r\000i\000c\000a}{chapter.2}% 7
\BOOKMARK [1][-]{section.2.3}{\376\377\000P\000o\000r\000t\000a\000f\000o\000g\000l\000i\000o}{chapter.2}% 8
\BOOKMARK [1][-]{section.2.4}{\376\377\000T\000r\000a\000n\000s\000a\000z\000i\000o\000n\000e}{chapter.2}% 9
\BOOKMARK [1][-]{section.2.5}{\376\377\000S\000e\000r\000v\000i\000z\000i\000o\000\040\000d\000i\000\040\000t\000r\000a\000d\000i\000n\000g}{chapter.2}% 10
\BOOKMARK [1][-]{section.2.6}{\376\377\000S\000t\000r\000a\000t\000e\000g\000i\000e}{chapter.2}% 11
\BOOKMARK [0][-]{chapter.3}{\376\377\000M\000e\000t\000o\000d\000o\000l\000o\000g\000i\000a}{}% 12
\BOOKMARK [1][-]{section.3.1}{\376\377\000D\000e\000f\000i\000n\000i\000z\000i\000o\000n\000e\000\040\000d\000e\000l\000\040\000p\000r\000o\000b\000l\000e\000m\000a}{chapter.3}% 13
\BOOKMARK [1][-]{section.3.2}{\376\377\000A\000p\000p\000r\000o\000c\000c\000i\000o\000\040\000p\000r\000o\000p\000o\000s\000t\000o}{chapter.3}% 14
\BOOKMARK [1][-]{section.3.3}{\376\377\000P\000r\000o\000g\000e\000t\000t\000a\000z\000i\000o\000n\000e\000\040\000d\000e\000l\000\040\000s\000i\000s\000t\000e\000m\000a}{chapter.3}% 15
\BOOKMARK [1][-]{section.3.4}{\376\377\000M\000e\000t\000r\000i\000c\000h\000e\000\040\000d\000i\000\040\000v\000a\000l\000u\000t\000a\000z\000i\000o\000n\000e}{chapter.3}% 16
\BOOKMARK [2][-]{subsection.3.4.1}{\376\377\000Y\000i\000e\000l\000d}{section.3.4}% 17
\BOOKMARK [2][-]{subsection.3.4.2}{\376\377\000D\000e\000v\000i\000a\000z\000i\000o\000n\000e\000\040\000s\000t\000a\000n\000d\000a\000r\000d}{section.3.4}% 18
\BOOKMARK [1][-]{section.3.5}{\376\377\000A\000l\000g\000o\000r\000i\000t\000m\000i}{chapter.3}% 19
\BOOKMARK [2][-]{subsection.3.5.1}{\376\377\000A\000l\000g\000o\000r\000i\000t\000m\000o\000\040\000r\000a\000n\000d\000o\000m}{section.3.5}% 20
\BOOKMARK [2][-]{subsection.3.5.2}{\376\377\000A\000l\000g\000o\000r\000i\000t\000m\000o\000\040\000s\000m\000a\000r\000t\000g\000e\000o\000m\000e\000t\000r\000i\000c\000C\000h\000o\000i\000s\000e}{section.3.5}% 21
\BOOKMARK [0][-]{chapter.4}{\376\377\000I\000m\000p\000l\000e\000m\000e\000n\000t\000a\000z\000i\000o\000n\000e}{}% 22
\BOOKMARK [1][-]{section.4.1}{\376\377\000A\000r\000c\000h\000i\000t\000e\000t\000t\000u\000r\000a\000\040\000d\000e\000l\000\040\000s\000i\000s\000t\000e\000m\000a}{chapter.4}% 23
\BOOKMARK [2][-]{subsection.4.1.1}{\376\377\000B\000a\000t\000t\000e\000r\000i\000a}{section.4.1}% 24
\BOOKMARK [2][-]{subsection.4.1.2}{\376\377\000R\000e\000t\000e\000\040\000e\000l\000e\000t\000t\000r\000i\000c\000a}{section.4.1}% 25
\BOOKMARK [2][-]{subsection.4.1.3}{\376\377\000P\000o\000r\000t\000a\000f\000o\000g\000l\000i\000o}{section.4.1}% 26
\BOOKMARK [2][-]{subsection.4.1.4}{\376\377\000T\000r\000a\000n\000s\000a\000z\000i\000o\000n\000e}{section.4.1}% 27
\BOOKMARK [2][-]{subsection.4.1.5}{\376\377\000S\000i\000m\000u\000l\000a\000t\000o\000r\000e}{section.4.1}% 28
\BOOKMARK [2][-]{subsection.4.1.6}{\376\377\000G\000e\000s\000t\000i\000o\000n\000e\000\040\000d\000e\000l\000\040\000d\000a\000t\000a\000b\000a\000s\000e}{section.4.1}% 29
\BOOKMARK [1][-]{section.4.2}{\376\377\000I\000m\000p\000l\000e\000m\000e\000n\000t\000a\000z\000i\000o\000n\000e\000\040\000d\000e\000l\000l\000e\000\040\000s\000t\000r\000a\000t\000e\000g\000i\000e}{chapter.4}% 30
\BOOKMARK [2][-]{subsection.4.2.1}{\376\377\000S\000t\000r\000a\000t\000e\000g\000i\000a\000\040\000R\000a\000n\000d\000o\000m}{section.4.2}% 31
\BOOKMARK [2][-]{subsection.4.2.2}{\376\377\000S\000t\000r\000a\000t\000e\000g\000i\000a\000\040\000S\000m\000a\000r\000t\000G\000e\000o\000m\000e\000t\000r\000i\000c}{section.4.2}% 32
\BOOKMARK [0][-]{chapter.5}{\376\377\000V\000a\000l\000u\000t\000a\000z\000i\000o\000n\000e\000\040\000s\000p\000e\000r\000i\000m\000e\000n\000t\000a\000l\000e}{}% 33
\BOOKMARK [1][-]{section.5.1}{\376\377\000C\000o\000n\000f\000i\000g\000u\000r\000a\000z\000i\000o\000n\000e\000\040\000s\000p\000e\000r\000i\000m\000e\000n\000t\000a\000l\000e}{chapter.5}% 34
\BOOKMARK [2][-]{subsection.5.1.1}{\376\377\000H\000a\000r\000d\000w\000a\000r\000e}{section.5.1}% 35
\BOOKMARK [2][-]{subsection.5.1.2}{\376\377\000S\000o\000f\000t\000w\000a\000r\000e}{section.5.1}% 36
\BOOKMARK [2][-]{subsection.5.1.3}{\376\377\000P\000a\000r\000a\000m\000e\000t\000r\000i}{section.5.1}% 37
\BOOKMARK [1][-]{section.5.2}{\376\377\000C\000a\000s\000i\000\040\000d\000i\000\040\000s\000t\000u\000d\000i\000o}{chapter.5}% 38
\BOOKMARK [2][-]{subsection.5.2.1}{\376\377\000B\000a\000s\000e\000l\000i\000n\000e\000\040\000c\000a\000s\000u\000a\000l\000e}{section.5.2}% 39
\BOOKMARK [2][-]{subsection.5.2.2}{\376\377\000S\000t\000r\000a\000t\000e\000g\000i\000a\000\040\000S\000m\000a\000r\000t}{section.5.2}% 40
\BOOKMARK [1][-]{section.5.3}{\376\377\000C\000o\000r\000r\000e\000t\000t\000e\000z\000z\000a}{chapter.5}% 41
\BOOKMARK [2][-]{subsection.5.3.1}{\376\377\000T\000e\000s\000t\000\040\000d\000i\000\040\000c\000o\000r\000r\000e\000t\000t\000e\000z\000z\000a}{section.5.3}% 42
\BOOKMARK [2][-]{subsection.5.3.2}{\376\377\000R\000i\000s\000u\000l\000t\000a\000t\000i}{section.5.3}% 43
\BOOKMARK [1][-]{section.5.4}{\376\377\000V\000a\000l\000u\000t\000a\000z\000i\000o\000n\000e\000\040\000t\000e\000c\000n\000i\000c\000a}{chapter.5}% 44
\BOOKMARK [2][-]{subsection.5.4.1}{\376\377\000R\000i\000s\000u\000l\000t\000a\000t\000i\000\040\000s\000p\000e\000r\000i\000m\000e\000n\000t\000a\000l\000i}{section.5.4}% 45
\BOOKMARK [2][-]{subsection.5.4.2}{\376\377\000I\000n\000f\000l\000u\000e\000n\000z\000a\000\040\000d\000e\000l\000\040\000c\000a\000p\000i\000t\000a\000l\000e\000\040\000a\000c\000c\000a\000n\000t\000o\000n\000a\000t\000o}{section.5.4}% 46
\BOOKMARK [2][-]{subsection.5.4.3}{\376\377\000C\000o\000n\000f\000r\000o\000n\000t\000o\000\040\000c\000o\000n\000\040\000l\000a\000\040\000b\000a\000s\000e\000l\000i\000n\000e\000\040\000c\000a\000s\000u\000a\000l\000e}{section.5.4}% 47
\BOOKMARK [2][-]{subsection.5.4.4}{\376\377\000D\000i\000s\000c\000u\000s\000s\000i\000o\000n\000e}{section.5.4}% 48
\BOOKMARK [0][-]{chapter.6}{\376\377\000C\000o\000n\000c\000l\000u\000s\000i\000o\000n\000i}{}% 49
\BOOKMARK [1][-]{section.6.1}{\376\377\000S\000i\000n\000t\000e\000s\000i}{chapter.6}% 50
\BOOKMARK [1][-]{section.6.2}{\376\377\000S\000v\000i\000l\000u\000p\000p\000i\000\040\000f\000u\000t\000u\000r\000i}{chapter.6}% 51
